apps/api/src/app.module.ts(53,22): error TS2304: Cannot find name 'ConfigService'.
apps/api/src/app.module.ts(54,47): error TS2304: Cannot find name 'ConfigService'.
apps/api/src/modules/admin/videos/admin-videos.service.ts(29,29): error TS2353: Object literal may only specify known properties, and 'youtubeChannelId' does not exist in type 'ChannelSelect<DefaultArgs>'.
apps/api/src/modules/admin/videos/admin-videos.service.ts(55,35): error TS2339: Property 'proofs' does not exist on type '{ id: string; createdAt: Date; platform: string; platformId: string; channelId: string; title: string | null; videoUrl: string | null; thumbnailUrl: string | null; publishedAt: Date | null; registeredAt: Date; }'.
apps/api/src/modules/channels/channels.service.ts(25,39): error TS2339: Property 'youtubeChannelId' does not exist on type '{ id: string; createdAt: Date; updatedAt: Date; userId: string; avatarUrl: string | null; platform: string; platformId: string; channelHandle: string | null; channelName: string; ... 7 more ...; revokeReason: string | null; }'.
apps/api/src/modules/channels/channels.service.ts(54,23): error TS2353: Object literal may only specify known properties, and 'youtubeChannelId' does not exist in type 'ChannelWhereInput'.
apps/api/src/modules/channels/channels.service.ts(55,23): error TS2353: Object literal may only specify known properties, and 'youtubeChannelId' does not exist in type 'ChannelWhereInput'.
apps/api/src/modules/channels/channels.service.ts(71,17): error TS2353: Object literal may only specify known properties, and 'userId_youtubeChannelId' does not exist in type 'ChannelWhereUniqueInput'.
apps/api/src/modules/channels/channels.service.ts(84,17): error TS2353: Object literal may only specify known properties, and 'youtubeChannelId' does not exist in type 'Without<ChannelCreateInput, ChannelUncheckedCreateInput> & ChannelUncheckedCreateInput'.
apps/api/src/modules/channels/channels.service.ts(144,47): error TS2339: Property 'youtubeChannelId' does not exist on type '{ id: string; createdAt: Date; updatedAt: Date; userId: string; avatarUrl: string | null; platform: string; platformId: string; channelHandle: string | null; channelName: string; ... 7 more ...; revokeReason: string | null; }'.
apps/api/src/modules/channels/channels.service.ts(144,92): error TS2339: Property 'youtubeChannelId' does not exist on type '{ id: string; createdAt: Date; updatedAt: Date; userId: string; avatarUrl: string | null; platform: string; platformId: string; channelHandle: string | null; channelName: string; ... 7 more ...; revokeReason: string | null; }'.
apps/api/src/modules/channels/channels.service.ts(149,95): error TS2339: Property 'youtubeChannelId' does not exist on type '{ id: string; createdAt: Date; updatedAt: Date; userId: string; avatarUrl: string | null; platform: string; platformId: string; channelHandle: string | null; channelName: string; ... 7 more ...; revokeReason: string | null; }'.
apps/api/src/modules/channels/channels.service.ts(162,40): error TS2339: Property 'youtubeChannelId' does not exist on type '{ id: string; createdAt: Date; updatedAt: Date; userId: string; avatarUrl: string | null; platform: string; platformId: string; channelHandle: string | null; channelName: string; ... 7 more ...; revokeReason: string | null; }'.
apps/api/src/modules/channels/channels.service.ts(163,31): error TS2339: Property 'youtubeChannelId' does not exist on type '{ id: string; createdAt: Date; updatedAt: Date; userId: string; avatarUrl: string | null; platform: string; platformId: string; channelHandle: string | null; channelName: string; ... 7 more ...; revokeReason: string | null; }'.
apps/api/src/modules/channels/channels.service.ts(164,35): error TS2339: Property 'youtubeChannelId' does not exist on type '{ id: string; createdAt: Date; updatedAt: Date; userId: string; avatarUrl: string | null; platform: string; platformId: string; channelHandle: string | null; channelName: string; ... 7 more ...; revokeReason: string | null; }'.
apps/api/src/modules/channels/channels.service.ts(204,68): error TS2339: Property 'youtubeChannelId' does not exist on type '{ id: string; createdAt: Date; updatedAt: Date; userId: string; avatarUrl: string | null; platform: string; platformId: string; channelHandle: string | null; channelName: string; ... 7 more ...; revokeReason: string | null; }'.
apps/api/src/modules/channels/channels.service.ts(207,29): error TS2353: Object literal may only specify known properties, and 'youtubeChannelId' does not exist in type '(Without<ChannelUpdateInput, ChannelUncheckedUpdateInput> & ChannelUncheckedUpdateInput) | (Without<...> & ChannelUpdateInput)'.
apps/api/src/modules/channels/channels.service.ts(210,25): error TS2339: Property 'youtubeChannelId' does not exist on type '{ id: string; createdAt: Date; updatedAt: Date; userId: string; avatarUrl: string | null; platform: string; platformId: string; channelHandle: string | null; channelName: string; ... 7 more ...; revokeReason: string | null; }'.
apps/api/src/modules/channels/channels.service.ts(240,49): error TS2339: Property 'youtubeChannelId' does not exist on type '{ id: string; createdAt: Date; updatedAt: Date; userId: string; avatarUrl: string | null; platform: string; platformId: string; channelHandle: string | null; channelName: string; ... 7 more ...; revokeReason: string | null; }'.
apps/api/src/modules/email/email-marketing.controller.ts(3,28): error TS2307: Cannot find module '../auth/guards/admin.guard' or its corresponding type declarations.
apps/api/src/modules/proofs/proofs.service.ts(40,36): error TS2353: Object literal may only specify known properties, and 'youtubeVideoId' does not exist in type 'VideoSelect<DefaultArgs>'.
apps/api/src/modules/proofs/proofs.service.ts(129,36): error TS2353: Object literal may only specify known properties, and 'youtubeVideoId' does not exist in type 'VideoSelect<DefaultArgs>'.
apps/api/src/modules/proofs/proofs.service.ts(212,40): error TS2353: Object literal may only specify known properties, and 'youtubeVideoId' does not exist in type 'VideoSelect<DefaultArgs>'.
apps/api/src/modules/videos/videos.service.ts(257,25): error TS2353: Object literal may only specify known properties, and 'platformId' does not exist in type 'SignProofOptions'.
apps/api/src/modules/videos/videos.service.ts(258,25): error TS1117: An object literal cannot have multiple properties with the same name.
